2026-05-01 11:46:23.935 [com.minisql.regionserver.RegionServerMain.main()] INFO  [c.m.regionserver.RegionServerMain] - Starting RegionServer rs-001 on port 8001
2026-05-01 11:46:23.953 [com.minisql.regionserver.RegionServerMain.main()] INFO  [c.m.regionserver.RegionServerMain] - RegionServer rs-001 initialized on port 8001
2026-05-01 11:46:24.269 [com.minisql.regionserver.RegionServerMain.main()] INFO  [c.m.regionserver.RegionServerMain] - RegionServer rs-001 started on port 8001
2026-05-01 11:47:50.701 [com.minisql.regionserver.RegionServerMain.main()] INFO  [c.m.regionserver.RegionServerMain] - RegionServer rs-001 stopped
2026-05-01 14:06:27.512 [main] INFO  [c.m.r.s.RegionServerServiceImpl] - Replayed 1 WAL records for RegionServer rs-wal
2026-05-01 14:06:27.571 [main] INFO  [c.m.r.s.RegionServerServiceImpl] - Replayed 3 WAL records for RegionServer rs-test
2026-05-01 14:06:27.587 [main] INFO  [c.m.r.s.RegionServerServiceImpl] - Replayed 4 WAL records for RegionServer rs-test
2026-05-01 14:06:27.596 [main] INFO  [c.m.r.s.RegionServerServiceImpl] - Replayed 5 WAL records for RegionServer rs-test
2026-05-01 14:06:27.598 [main] INFO  [c.m.r.s.RegionServerServiceImpl] - Replayed 5 WAL records for RegionServer rs-test
2026-05-01 14:06:27.618 [main] INFO  [c.m.r.s.RegionServerServiceImpl] - Replayed 7 WAL records for RegionServer rs-test
2026-05-01 14:07:00.911 [main] INFO  [c.m.r.s.RegionServerServiceImpl] - Replayed 7 WAL records for RegionServer rs-test
2026-05-01 14:07:00.970 [main] INFO  [c.m.r.s.RegionServerServiceImpl] - Replayed 1 WAL records for RegionServer rs-wal
2026-05-01 14:07:00.981 [main] INFO  [c.m.r.s.RegionServerServiceImpl] - Replayed 7 WAL records for RegionServer rs-test
2026-05-01 14:07:01.073 [main] INFO  [c.m.r.s.RegionServerServiceImpl] - Replayed 10 WAL records for RegionServer rs-test
2026-05-01 14:07:01.092 [main] INFO  [c.m.r.s.RegionServerServiceImpl] - Replayed 11 WAL records for RegionServer rs-test
2026-05-01 14:07:01.103 [main] INFO  [c.m.r.s.RegionServerServiceImpl] - Replayed 12 WAL records for RegionServer rs-test
2026-05-01 14:07:01.105 [main] INFO  [c.m.r.s.RegionServerServiceImpl] - Replayed 12 WAL records for RegionServer rs-test
2026-05-01 14:07:01.127 [main] INFO  [c.m.r.s.RegionServerServiceImpl] - Replayed 14 WAL records for RegionServer rs-test
2026-05-01 14:07:32.171 [main] INFO  [c.m.r.s.RegionServerServiceImpl] - Replayed 1 WAL records for RegionServer rs-wal
2026-05-01 14:33:54.393 [main] INFO  [c.m.r.s.RegionServerServiceImpl] - Replayed 1 WAL records for RegionServer rs-wal
